// Jest Snapshot v1, https://goo.gl/fbAQLP

exports[`<TodoList /> renders consistently 1`] = `
<ul
  id="items"
/>
`;
